[2026-05-07T07:44:59.155Z] [ERROR] [executeProcedure] [7669800159@MUM] DB call timeout
[2026-05-07T07:44:59.166Z] [ERROR] [executeProcedure] [7045053011@MUM] DB call timeout
[2026-05-07T07:45:09.581Z] [ERROR] [executeProcedure] [9115633342@MUM] DB call timeout
[2026-05-07T07:45:19.815Z] [ERROR] [executeProcedure] [7669800590@MUM] DB call timeout
[2026-05-07T07:46:31.170Z] [ERROR] [executeProcedure] [7230011039@MUM] DB call timeout
[2026-05-07T07:46:31.185Z] [ERROR] [executeProcedure] [8297027222@MUM] DB call timeout
[2026-05-07T07:46:41.600Z] [ERROR] [executeProcedure] [8297023222@MUM] DB call timeout
[2026-05-07T07:46:51.844Z] [ERROR] [executeProcedure] [7669800548@MUM] DB call timeout
[2026-05-07T07:48:03.188Z] [ERROR] [executeProcedure] [8422845513@MUM] DB call timeout
[2026-05-07T07:48:03.207Z] [ERROR] [executeProcedure] [7292060060@MUM] DB call timeout
[2026-05-07T07:48:13.630Z] [ERROR] [executeProcedure] [9522131600@MUM] DB call timeout
[2026-05-07T07:48:23.864Z] [ERROR] [executeProcedure] [9948884555@MUM] DB call timeout
[2026-05-07T07:49:35.211Z] [ERROR] [executeProcedure] [7669800334@MUM] DB call timeout
[2026-05-07T07:49:35.231Z] [ERROR] [executeProcedure] [7065523402@MUM] DB call timeout
[2026-05-07T07:49:45.650Z] [ERROR] [executeProcedure] [7669800587@MUM] DB call timeout
[2026-05-07T07:49:55.895Z] [ERROR] [executeProcedure] [8768123456@MUM] DB call timeout
[2026-05-07T07:51:07.233Z] [ERROR] [executeProcedure] [9819074583@MUM] DB call timeout
[2026-05-07T07:51:07.252Z] [ERROR] [executeProcedure] [7669300042@MUM] DB call timeout
[2026-05-07T07:51:17.670Z] [ERROR] [executeProcedure] [8929300405@MUM] DB call timeout
[2026-05-07T07:51:27.913Z] [ERROR] [executeProcedure] [9619333333@MUM] DB call timeout
[2026-05-07T07:52:39.255Z] [ERROR] [executeProcedure] [9619213096@MUM] DB call timeout
[2026-05-07T07:52:39.280Z] [ERROR] [executeProcedure] [7669800366@MUM] DB call timeout
[2026-05-07T07:52:49.689Z] [ERROR] [executeProcedure] [9819074684@MUM] DB call timeout
[2026-05-07T07:52:59.940Z] [ERROR] [executeProcedure] [9029083414@MUM] DB call timeout
[2026-05-07T07:54:11.283Z] [ERROR] [executeProcedure] [8657864183@MUM] DB call timeout
[2026-05-07T07:54:11.310Z] [ERROR] [executeProcedure] [9619213083@MUM] DB call timeout
[2026-05-07T07:54:21.710Z] [ERROR] [executeProcedure] [7669011142@MUM] DB call timeout
[2026-05-07T07:54:31.959Z] [ERROR] [executeProcedure] [7594052665@MUM] DB call timeout
[2026-05-07T07:55:43.311Z] [ERROR] [executeProcedure] [7669800549@MUM] DB call timeout
[2026-05-07T07:55:43.339Z] [ERROR] [executeProcedure] [7669300187@MUM] DB call timeout
[2026-05-07T07:55:53.738Z] [ERROR] [executeProcedure] [9223008786@MUM] DB call timeout
[2026-05-07T07:56:03.985Z] [ERROR] [executeProcedure] [8108011113@MUM] DB call timeout
[2026-05-07T07:57:15.341Z] [ERROR] [executeProcedure] [7669800481@MUM] DB call timeout
[2026-05-07T07:57:15.357Z] [ERROR] [executeProcedure] [9619213165@MUM] DB call timeout
[2026-05-07T07:57:25.758Z] [ERROR] [executeProcedure] [8929759079@MUM] DB call timeout
[2026-05-07T07:57:36.003Z] [ERROR] [executeProcedure] [8879511511@MUM] DB call timeout
[2026-05-07T07:58:47.359Z] [ERROR] [executeProcedure] [8422930000@MUM] DB call timeout
[2026-05-07T07:58:47.383Z] [ERROR] [executeProcedure] [9072670104@MUM] DB call timeout
[2026-05-07T07:58:57.790Z] [ERROR] [executeProcedure] [6357391003@MUM] DB call timeout
[2026-05-07T07:59:08.024Z] [ERROR] [executeProcedure] [9619213174@MUM] DB call timeout
[2026-05-07T08:00:19.385Z] [ERROR] [executeProcedure] [8080809146@MUM] DB call timeout
[2026-05-07T08:00:19.402Z] [ERROR] [executeProcedure] [7669300193@MUM] DB call timeout
[2026-05-07T08:00:29.809Z] [ERROR] [executeProcedure] [7669800684@MUM] DB call timeout
[2026-05-07T08:00:40.045Z] [ERROR] [executeProcedure] [8879900800@MUM] DB call timeout
[2026-05-07T08:01:51.405Z] [ERROR] [executeProcedure] [7045152101@MUM] DB call timeout
[2026-05-07T08:01:51.432Z] [ERROR] [executeProcedure] [7669800559@MUM] DB call timeout
[2026-05-07T08:02:01.830Z] [ERROR] [executeProcedure] [9072670173@MUM] DB call timeout
[2026-05-07T08:02:12.072Z] [ERROR] [executeProcedure] [7669800373@MUM] DB call timeout
[2026-05-07T08:03:23.437Z] [ERROR] [executeProcedure] [9522243045@MUM] DB call timeout
[2026-05-07T08:03:23.459Z] [ERROR] [executeProcedure] [7669011448@MUM] DB call timeout
[2026-05-07T08:03:33.846Z] [ERROR] [executeProcedure] [7065523403@MUM] DB call timeout
[2026-05-07T08:03:44.098Z] [ERROR] [executeProcedure] [9619213172@MUM] DB call timeout
[2026-05-07T08:04:55.463Z] [ERROR] [executeProcedure] [7669800726@MUM] DB call timeout
[2026-05-07T08:04:55.486Z] [ERROR] [executeProcedure] [7025800700@MUM] DB call timeout
[2026-05-07T08:05:05.867Z] [ERROR] [executeProcedure] [9223900022@MUM] DB call timeout
[2026-05-07T08:05:16.116Z] [ERROR] [executeProcedure] [8297018222@MUM] DB call timeout
[2026-05-07T08:06:27.488Z] [ERROR] [executeProcedure] [7669490000@MUM] DB call timeout
[2026-05-07T08:06:27.506Z] [ERROR] [executeProcedure] [9582775555@MUM] DB call timeout
[2026-05-07T08:06:37.892Z] [ERROR] [executeProcedure] [7669800169@MUM] DB call timeout
[2026-05-07T08:06:48.139Z] [ERROR] [executeProcedure] [8422005213@MUM] DB call timeout
[2026-05-07T08:07:59.507Z] [ERROR] [executeProcedure] [7669470883@MUM] DB call timeout
[2026-05-07T08:07:59.528Z] [ERROR] [executeProcedure] [9619213004@MUM] DB call timeout
[2026-05-07T08:08:09.912Z] [ERROR] [executeProcedure] [9582012525@MUM] DB call timeout
[2026-05-07T08:08:20.158Z] [ERROR] [executeProcedure] [9072670708@MUM] DB call timeout
[2026-05-07T08:09:31.532Z] [ERROR] [executeProcedure] [7669300197@MUM] DB call timeout
[2026-05-07T08:09:31.551Z] [ERROR] [executeProcedure] [7669800535@MUM] DB call timeout
[2026-05-07T08:09:41.934Z] [ERROR] [executeProcedure] [7045112332@MUM] DB call timeout
[2026-05-07T08:09:52.183Z] [ERROR] [executeProcedure] [9223092230@MUM] DB call timeout
[2026-05-07T08:11:03.553Z] [ERROR] [executeProcedure] [9619213177@MUM] DB call timeout
[2026-05-07T08:11:03.573Z] [ERROR] [executeProcedure] [7065053434@MUM] DB call timeout
[2026-05-07T08:11:13.957Z] [ERROR] [executeProcedure] [7669800500@MUM] DB call timeout
[2026-05-07T08:11:24.202Z] [ERROR] [executeProcedure] [7838175175@MUM] DB call timeout
[2026-05-07T08:12:35.574Z] [ERROR] [executeProcedure] [8422992271@MUM] DB call timeout
[2026-05-07T08:12:35.591Z] [ERROR] [executeProcedure] [8422972727@MUM] DB call timeout
[2026-05-07T08:12:45.988Z] [ERROR] [executeProcedure] [7669061110@MUM] DB call timeout
[2026-05-07T08:12:56.230Z] [ERROR] [executeProcedure] [8655019936@MUM] DB call timeout
[2026-05-07T08:14:07.595Z] [ERROR] [executeProcedure] [7669800581@MUM] DB call timeout
[2026-05-07T08:14:07.620Z] [ERROR] [executeProcedure] [7669800605@MUM] DB call timeout
[2026-05-07T08:14:18.003Z] [ERROR] [executeProcedure] [7669300384@MUM] DB call timeout
[2026-05-07T08:14:28.260Z] [ERROR] [executeProcedure] [9819073321@MUM] DB call timeout
[2026-05-07T08:15:39.621Z] [ERROR] [executeProcedure] [9072670119@MUM] DB call timeout
[2026-05-07T08:15:39.641Z] [ERROR] [executeProcedure] [7669800670@MUM] DB call timeout
[2026-05-07T08:15:50.024Z] [ERROR] [executeProcedure] [9223133303@MUM] DB call timeout
[2026-05-07T08:16:00.281Z] [ERROR] [executeProcedure] [7065087676@MUM] DB call timeout
[2026-05-07T08:17:11.643Z] [ERROR] [executeProcedure] [8652907026@MUM] DB call timeout
[2026-05-07T08:17:11.662Z] [ERROR] [executeProcedure] [7065018484@MUM] DB call timeout
[2026-05-07T08:17:22.046Z] [ERROR] [executeProcedure] [7669035354@MUM] DB call timeout
[2026-05-07T08:17:32.301Z] [ERROR] [executeProcedure] [7230011019@MUM] DB call timeout
[2026-05-07T08:18:43.665Z] [ERROR] [executeProcedure] [9087882553@MUM] DB call timeout
[2026-05-07T08:18:43.680Z] [ERROR] [executeProcedure] [6357392606@MUM] DB call timeout
[2026-05-07T08:18:54.068Z] [ERROR] [executeProcedure] [8879941234@MUM] DB call timeout
[2026-05-07T08:19:04.324Z] [ERROR] [executeProcedure] [9767300111@MUM] DB call timeout
[2026-05-07T08:20:15.683Z] [ERROR] [executeProcedure] [8828800900@MUM] DB call timeout
[2026-05-07T08:20:15.707Z] [ERROR] [executeProcedure] [6235600001@MUM] DB call timeout
[2026-05-07T08:20:26.086Z] [ERROR] [executeProcedure] [7669300191@MUM] DB call timeout
[2026-05-07T08:20:36.339Z] [ERROR] [executeProcedure] [7669800724@MUM] DB call timeout
[2026-05-07T08:21:47.711Z] [ERROR] [executeProcedure] [9223512905@MUM] DB call timeout
[2026-05-07T08:21:47.736Z] [ERROR] [executeProcedure] [9819070442@MUM] DB call timeout
[2026-05-07T08:21:58.112Z] [ERROR] [executeProcedure] [9223800050@MUM] DB call timeout
[2026-05-07T08:22:08.358Z] [ERROR] [executeProcedure] [9582956474@MUM] DB call timeout
[2026-05-07T08:23:19.739Z] [ERROR] [executeProcedure] [7669800294@MUM] DB call timeout
[2026-05-07T08:23:19.758Z] [ERROR] [executeProcedure] [7359021590@MUM] DB call timeout
[2026-05-07T08:23:30.131Z] [ERROR] [executeProcedure] [8550858588@MUM] DB call timeout
[2026-05-07T08:23:40.381Z] [ERROR] [executeProcedure] [8652907213@MUM] DB call timeout
[2026-05-07T08:24:51.761Z] [ERROR] [executeProcedure] [7669300071@MUM] DB call timeout
[2026-05-07T08:24:51.780Z] [ERROR] [executeProcedure] [9594612612@MUM] DB call timeout
[2026-05-07T08:25:02.158Z] [ERROR] [executeProcedure] [9619213179@MUM] DB call timeout
[2026-05-07T08:25:12.398Z] [ERROR] [executeProcedure] [8297017222@MUM] DB call timeout
[2026-05-07T08:26:23.781Z] [ERROR] [executeProcedure] [8860220000@MUM] DB call timeout
[2026-05-07T08:26:23.800Z] [ERROR] [executeProcedure] [9223011133@MUM] DB call timeout
[2026-05-07T08:26:34.181Z] [ERROR] [executeProcedure] [9619213169@MUM] DB call timeout
[2026-05-07T08:26:44.423Z] [ERROR] [executeProcedure] [7669800681@MUM] DB call timeout
[2026-05-07T08:27:55.802Z] [ERROR] [executeProcedure] [8297025222@MUM] DB call timeout
[2026-05-07T08:27:55.820Z] [ERROR] [executeProcedure] [7594052661@MUM] DB call timeout
[2026-05-07T08:28:06.206Z] [ERROR] [executeProcedure] [7290066666@MUM] DB call timeout
[2026-05-07T08:28:16.450Z] [ERROR] [executeProcedure] [7669800671@MUM] DB call timeout
[2026-05-07T08:29:27.821Z] [ERROR] [executeProcedure] [8422005212@MUM] DB call timeout
[2026-05-07T08:29:27.840Z] [ERROR] [executeProcedure] [7669041616@MUM] DB call timeout
[2026-05-07T08:29:38.226Z] [ERROR] [executeProcedure] [7669800575@MUM] DB call timeout
[2026-05-07T08:29:48.475Z] [ERROR] [executeProcedure] [7669038883@MUM] DB call timeout
[2026-05-07T08:30:59.845Z] [ERROR] [executeProcedure] [7669300190@MUM] DB call timeout
[2026-05-07T08:30:59.864Z] [ERROR] [executeProcedure] [7669800991@MUM] DB call timeout
[2026-05-07T08:31:10.244Z] [ERROR] [executeProcedure] [7669800327@MUM] DB call timeout
[2026-05-07T08:31:20.497Z] [ERROR] [executeProcedure] [7669300361@MUM] DB call timeout
[2026-05-07T08:32:31.866Z] [ERROR] [executeProcedure] [9052057666@MUM] DB call timeout
[2026-05-07T08:32:31.883Z] [ERROR] [executeProcedure] [9072670260@MUM] DB call timeout
[2026-05-07T08:32:42.269Z] [ERROR] [executeProcedure] [9594543543@MUM] DB call timeout
[2026-05-07T08:32:52.523Z] [ERROR] [executeProcedure] [8108111117@MUM] DB call timeout
[2026-05-07T08:34:03.888Z] [ERROR] [executeProcedure] [8657864187@MUM] DB call timeout
[2026-05-07T08:34:03.908Z] [ERROR] [executeProcedure] [7065149191@MUM] DB call timeout
[2026-05-07T08:34:14.283Z] [ERROR] [executeProcedure] [7669800162@MUM] DB call timeout
[2026-05-07T08:34:24.545Z] [ERROR] [executeProcedure] [7669300454@MUM] DB call timeout
[2026-05-07T08:36:42.595Z] [ERROR] [executeProcedure] [9115633342@MUM] DB call timeout
[2026-05-07T08:36:42.610Z] [ERROR] [executeProcedure] [7669800590@MUM] DB call timeout
[2026-05-07T08:36:53.509Z] [ERROR] [executeProcedure] [7230011039@MUM] DB call timeout
[2026-05-07T08:37:04.063Z] [ERROR] [executeProcedure] [8297027222@MUM] DB call timeout
[2026-05-07T08:38:14.614Z] [ERROR] [executeProcedure] [8297023222@MUM] DB call timeout
[2026-05-07T08:38:14.630Z] [ERROR] [executeProcedure] [7669800548@MUM] DB call timeout
[2026-05-07T08:38:25.530Z] [ERROR] [executeProcedure] [8422845513@MUM] DB call timeout
[2026-05-07T08:38:36.094Z] [ERROR] [executeProcedure] [7292060060@MUM] DB call timeout
[2026-05-07T08:39:46.635Z] [ERROR] [executeProcedure] [9522131600@MUM] DB call timeout
[2026-05-07T08:39:46.656Z] [ERROR] [executeProcedure] [9948884555@MUM] DB call timeout
[2026-05-07T08:39:57.560Z] [ERROR] [executeProcedure] [7669800334@MUM] DB call timeout
[2026-05-07T08:40:08.116Z] [ERROR] [executeProcedure] [7065523402@MUM] DB call timeout
[2026-05-07T08:41:18.662Z] [ERROR] [executeProcedure] [7669800587@MUM] DB call timeout
[2026-05-07T08:41:18.683Z] [ERROR] [executeProcedure] [8768123456@MUM] DB call timeout
[2026-05-07T08:41:29.593Z] [ERROR] [executeProcedure] [9819074583@MUM] DB call timeout
[2026-05-07T08:41:40.143Z] [ERROR] [executeProcedure] [7669300042@MUM] DB call timeout
[2026-05-07T08:42:50.681Z] [ERROR] [executeProcedure] [8929300405@MUM] DB call timeout
[2026-05-07T08:42:50.700Z] [ERROR] [executeProcedure] [9619333333@MUM] DB call timeout
[2026-05-07T08:43:01.611Z] [ERROR] [executeProcedure] [9619213096@MUM] DB call timeout
[2026-05-07T08:43:12.164Z] [ERROR] [executeProcedure] [7669800366@MUM] DB call timeout
[2026-05-07T08:44:22.701Z] [ERROR] [executeProcedure] [9819074684@MUM] DB call timeout
[2026-05-07T08:44:22.723Z] [ERROR] [executeProcedure] [9029083414@MUM] DB call timeout
[2026-05-07T08:44:33.644Z] [ERROR] [executeProcedure] [8657864183@MUM] DB call timeout
[2026-05-07T08:44:44.179Z] [ERROR] [executeProcedure] [9619213083@MUM] DB call timeout
[2026-05-07T08:45:54.725Z] [ERROR] [executeProcedure] [7669011142@MUM] DB call timeout
[2026-05-07T08:45:54.757Z] [ERROR] [executeProcedure] [7594052665@MUM] DB call timeout
[2026-05-07T08:46:05.664Z] [ERROR] [executeProcedure] [7669800549@MUM] DB call timeout
[2026-05-07T08:46:16.202Z] [ERROR] [executeProcedure] [7669300187@MUM] DB call timeout
[2026-05-07T08:47:26.748Z] [ERROR] [executeProcedure] [9223008786@MUM] DB call timeout
[2026-05-07T08:47:26.777Z] [ERROR] [executeProcedure] [8108011113@MUM] DB call timeout
[2026-05-07T08:47:37.680Z] [ERROR] [executeProcedure] [7669800481@MUM] DB call timeout
[2026-05-07T08:47:48.218Z] [ERROR] [executeProcedure] [9619213165@MUM] DB call timeout
[2026-05-07T08:48:58.767Z] [ERROR] [executeProcedure] [8929759079@MUM] DB call timeout
[2026-05-07T08:48:58.797Z] [ERROR] [executeProcedure] [8879511511@MUM] DB call timeout
[2026-05-07T08:49:09.702Z] [ERROR] [executeProcedure] [8422930000@MUM] DB call timeout
[2026-05-07T08:49:20.234Z] [ERROR] [executeProcedure] [9072670104@MUM] DB call timeout
[2026-05-07T08:50:30.783Z] [ERROR] [executeProcedure] [6357391003@MUM] DB call timeout
[2026-05-07T08:50:30.819Z] [ERROR] [executeProcedure] [9619213174@MUM] DB call timeout
[2026-05-07T08:50:41.719Z] [ERROR] [executeProcedure] [8080809146@MUM] DB call timeout
[2026-05-07T08:50:52.252Z] [ERROR] [executeProcedure] [7669300193@MUM] DB call timeout
[2026-05-07T10:57:22.768Z] [ERROR] [executeProcedure] [9174003000@MP] NJS-123: call timeout of 30000 ms exceeded
DPI-1067: call timeout of 30000 ms exceeded with ORA-03156
ORA-03156: OCI call timed out
[2026-05-07T10:58:35.505Z] [ERROR] [executeProcedure] [9090011100@OR] NJS-123: call timeout of 30000 ms exceeded
DPI-1067: call timeout of 30000 ms exceeded with ORA-03156
ORA-03156: OCI call timed out
